main.c:1423:6:encodertask	8	static
main.c:1524:6:irsensortask	8	static
main.c:1577:6:servoTask	8	static
main.c:1214:6:StartDefaultTask	80	static
main.c:1279:6:showTask	24	static
main.c:158:6:ICM_Init	48	static
main.c:181:7:enqueue	4	static
main.c:198:8:dequeue	8	static
main.c:212:6:conCatValue	0	static
main.c:220:6:encoderDiff	8	static
main.c:225:7:set_speed	0	static
main.c:258:7:wheel_stop	0	static
main.c:269:7:set_Backward	8	static
main.c:277:7:set_Forward	8	static
main.c:511:7:adjustSpeed	0	static
main.c:554:6:convertDist_to_Time	24	static
main.c:422:7:wheelMoveForward	40	static
main.c:469:7:wheelMoveBackward	32	static
main.c:566:6:convertTime_to_Dist	16	static
main.c:577:6:convertLTurn_to_Time	24	static
main.c:348:7:turn_left	24	static
main.c:385:7:back_left	16	static
main.c:592:6:convertRTurn_to_Time	24	static
main.c:285:7:turn_right	24	static
main.c:317:7:back_right	24	static
main.c:1307:6:motormovetask	56	static
main.c:724:6:SystemClock_Config	88	static,ignoring_inline_asm
main.c:618:5:main	112	static,ignoring_inline_asm
main.c:1164:6:HAL_UART_RxCpltCallback	8	static
main.c:1627:6:Error_Handler	0	static,ignoring_inline_asm
